Parsing statement, current token: { type: 'KEYWORD', value: 'function', line: 1, column: 1, position: 8 }
Parsing statement, current token: { type: 'KEYWORD', value: 'return', line: 2, column: 13, position: 39 }
Γ£à Function Expressions Parity Tests ΓÇ║ should transpile function declaration
Parsing statement, current token: { type: 'KEYWORD', value: 'const', line: 1, column: 1, position: 5 }
Parsing statement, current token: { type: 'KEYWORD', value: 'return', line: 2, column: 13, position: 47 }
Parsing statement, current token: { type: 'RIGHT_BRACE', value: '}', line: 3, column: 9, position: 64 }
Γ£à Function Expressions Parity Tests ΓÇ║ should transpile function expression
Parsing statement, current token: { type: 'KEYWORD', value: 'const', line: 1, column: 1, position: 5 }
Γ£à Function Expressions Parity Tests ΓÇ║ should transpile arrow function (single parameter)
Parsing statement, current token: { type: 'KEYWORD', value: 'const', line: 1, column: 1, position: 5 }
Γ£à Function Expressions Parity Tests ΓÇ║ should transpile arrow function (multiple parameters)
Parsing statement, current token: { type: 'KEYWORD', value: 'const', line: 1, column: 1, position: 5 }
Γ£à Function Expressions Parity Tests ΓÇ║ should transpile arrow function (no parameters)
Parsing statement, current token: { type: 'KEYWORD', value: 'const', line: 1, column: 1, position: 5 }
Parsing statement, current token: { type: 'KEYWORD', value: 'const', line: 2, column: 13, position: 42 }
Parsing statement, current token: { type: 'KEYWORD', value: 'return', line: 3, column: 13, position: 77 }
Γ£à Function Expressions Parity Tests ΓÇ║ should transpile arrow function (block body)
Parsing statement, current token: { type: 'KEYWORD', value: 'const', line: 1, column: 1, position: 5 }
Parsing statement, current token: { type: 'KEYWORD', value: 'return', line: 1, column: 31, position: 36 }
Parsing statement, current token: { type: 'RIGHT_BRACE', value: '}', line: 1, column: 45, position: 45 }
Γ£à Function Expressions Parity Tests ΓÇ║ should transpile immediate function invocation (IIFE)
Parsing statement, current token: { type: 'KEYWORD', value: 'const', line: 1, column: 1, position: 5 }
Γ£à Function Expressions Parity Tests ΓÇ║ should transpile arrow IIFE
Parsing statement, current token: { type: 'KEYWORD', value: 'function', line: 1, column: 1, position: 8 }
Parsing statement, current token: { type: 'KEYWORD', value: 'return', line: 1, column: 25, position: 30 }
Parsing statement, current token: { type: 'KEYWORD', value: 'const', line: 2, column: 9, position: 57 }
Γ£à Function Expressions Parity Tests ΓÇ║ should transpile function call with multiple arguments
Parsing statement, current token: { type: 'KEYWORD', value: 'function', line: 1, column: 1, position: 8 }
Parsing statement, current token: { type: 'KEYWORD', value: 'return', line: 2, column: 13, position: 42 }
Parsing statement, current token: { type: 'KEYWORD', value: 'return', line: 3, column: 17, position: 79 }
Parsing statement, current token: { type: 'SEMICOLON', value: ';', line: 4, column: 14, position: 101 }
Parsing statement, current token: { type: 'RIGHT_BRACE', value: '}', line: 5, column: 9, position: 111 }
Γ£à Function Expressions Parity Tests ΓÇ║ should capture outer variable in closure
Parsing statement, current token: { type: 'KEYWORD', value: 'function', line: 1, column: 1, position: 8 }
Parsing statement, current token: { type: 'KEYWORD', value: 'return', line: 2, column: 13, position: 50 }
Parsing statement, current token: { type: 'KEYWORD', value: 'return', line: 3, column: 17, position: 87 }
Parsing statement, current token: { type: 'SEMICOLON', value: ';', line: 4, column: 14, position: 115 }
Parsing statement, current token: { type: 'RIGHT_BRACE', value: '}', line: 5, column: 9, position: 125 }
Γ£à Function Expressions Parity Tests ΓÇ║ should capture multiple variables in closure
Parsing statement, current token: { type: 'KEYWORD', value: 'function', line: 1, column: 1, position: 8 }
Parsing statement, current token: { type: 'KEYWORD', value: 'return', line: 2, column: 13, position: 38 }
Parsing statement, current token: { type: 'KEYWORD', value: 'return', line: 3, column: 17, position: 82 }
Parsing statement, current token: {
  type: 'KEYWORD',
  value: 'return',
  line: 4,
  column: 21,
  position: 129
}
Parsing statement, current token: { type: 'SEMICOLON', value: ';', line: 5, column: 18, position: 159 }
Parsing statement, current token: { type: 'RIGHT_BRACE', value: '}', line: 6, column: 13, position: 173 }
Parsing statement, current token: { type: 'RIGHT_BRACE', value: '}', line: 7, column: 9, position: 184 }
Γ£à Function Expressions Parity Tests ΓÇ║ should handle nested closures
Parsing statement, current token: { type: 'KEYWORD', value: 'const', line: 1, column: 1, position: 5 }
Parsing statement, current token: { type: 'KEYWORD', value: 'const', line: 2, column: 9, position: 27 }
Γ£à Function Expressions Parity Tests ΓÇ║ should capture variables in arrow function closures
Parsing statement, current token: { type: 'KEYWORD', value: 'function', line: 1, column: 1, position: 8 }
Parsing statement, current token: { type: 'KEYWORD', value: 'return', line: 2, column: 13, position: 51 }
Γ£à Function Expressions Parity Tests ΓÇ║ should transpile function with default parameter
Parsing statement, current token: { type: 'KEYWORD', value: 'const', line: 1, column: 1, position: 5 }
Γ£à Function Expressions Parity Tests ΓÇ║ should transpile arrow function with default parameter
Parsing statement, current token: { type: 'KEYWORD', value: 'function', line: 1, column: 1, position: 8 }
Parsing statement, current token: { type: 'KEYWORD', value: 'let', line: 2, column: 13, position: 42 }
Parsing statement, current token: { type: 'KEYWORD', value: 'for', line: 3, column: 13, position: 69 }
Parsing statement, current token: { type: 'LEFT_BRACE', value: '{', line: 3, column: 40, position: 94 }
Parsing statement, current token: {
  type: 'IDENTIFIER',
  value: 'total',
  line: 4,
  column: 17,
  position: 116
}
Parsing statement, current token: {
  type: 'KEYWORD',
  value: 'return',
  line: 6,
  column: 13,
  position: 157
}
Γ£à Function Expressions Parity Tests ΓÇ║ should transpile rest parameters
Parsing statement, current token: { type: 'KEYWORD', value: 'const', line: 1, column: 1, position: 5 }
Parsing statement, current token: { type: 'KEYWORD', value: 'const', line: 2, column: 9, position: 37 }
Γ£à Function Expressions Parity Tests ΓÇ║ should transpile spread in function call
Parsing statement, current token: { type: 'KEYWORD', value: 'const', line: 1, column: 1, position: 5 }
Parsing statement, current token: { type: 'KEYWORD', value: 'return', line: 4, column: 17, position: 94 }
Parsing statement, current token: { type: 'RIGHT_BRACE', value: '}', line: 5, column: 13, position: 130 }
Parsing statement, current token: { type: 'KEYWORD', value: 'const', line: 7, column: 9, position: 155 }
Γ£à Function Expressions Parity Tests ΓÇ║ should transpile method call on object
Parsing statement, current token: { type: 'KEYWORD', value: 'const', line: 1, column: 1, position: 5 }
Γ£à Function Expressions Parity Tests ΓÇ║ should transpile arrow function in object (lexical this)
Parsing statement, current token: { type: 'KEYWORD', value: 'const', line: 1, column: 1, position: 5 }
Γ£à Function Expressions Parity Tests ΓÇ║ should transpile method call chain
Parsing statement, current token: { type: 'KEYWORD', value: 'const', line: 1, column: 1, position: 5 }
Parsing statement, current token: { type: 'KEYWORD', value: 'const', line: 2, column: 9, position: 40 }
Γ£à Function Expressions Parity Tests ΓÇ║ should transpile array.map with function
Parsing statement, current token: { type: 'KEYWORD', value: 'const', line: 1, column: 1, position: 5 }
Parsing statement, current token: { type: 'KEYWORD', value: 'const', line: 2, column: 9, position: 43 }
Γ£à Function Expressions Parity Tests ΓÇ║ should transpile array.filter with function
Parsing statement, current token: { type: 'KEYWORD', value: 'const', line: 1, column: 1, position: 5 }
Parsing statement, current token: { type: 'KEYWORD', value: 'const', line: 2, column: 9, position: 40 }
Γ£à Function Expressions Parity Tests ΓÇ║ should transpile array.reduce with function
Parsing statement, current token: { type: 'KEYWORD', value: 'function', line: 1, column: 1, position: 8 }
Parsing statement, current token: { type: 'KEYWORD', value: 'return', line: 2, column: 13, position: 45 }
Parsing statement, current token: { type: 'KEYWORD', value: 'const', line: 4, column: 9, position: 79 }
Γ£à Function Expressions Parity Tests ΓÇ║ should transpile function passed as argument
Parsing statement, current token: { type: 'KEYWORD', value: 'function', line: 1, column: 1, position: 8 }
Parsing statement, current token: { type: 'KEYWORD', value: 'return', line: 2, column: 13, position: 43 }
Γ£à Function Expressions Parity Tests ΓÇ║ should transpile function returning function
Parsing statement, current token: { type: 'KEYWORD', value: 'const', line: 1, column: 1, position: 5 }
Parsing statement, current token: {
  type: 'KEYWORD',
  value: 'function',
  line: 2,
  column: 9,
  position: 43
}
Parsing statement, current token: { type: 'KEYWORD', value: 'return', line: 3, column: 13, position: 75 }
Γ£à Function Expressions Parity Tests ΓÇ║ should handle hoisted function declaration
Parsing statement, current token: { type: 'KEYWORD', value: 'const', line: 1, column: 1, position: 5 }
Parsing statement, current token: { type: 'KEYWORD', value: 'return', line: 2, column: 13, position: 51 }
Parsing statement, current token: { type: 'RIGHT_BRACE', value: '}', line: 3, column: 9, position: 68 }
Parsing statement, current token: { type: 'KEYWORD', value: 'const', line: 4, column: 9, position: 83 }
Γ¥î Function Expressions Parity Tests ΓÇ║ should handle function expression not hoisted: Expected "-- LUASCRIPT Runtime Library Integration\nlocal runtime = require('runtime.runtime')\nlocal console = runtime.console\nlocal JSON = runtime.JSON\nlocal Math = runtime.Math\n\nnil\n\nnil\n\nnil\n\nlocal result = notHoisted(5)" to contain "function"
Parsing statement, current token: { type: 'KEYWORD', value: 'const', line: 1, column: 1, position: 5 }
Parsing statement, current token: { type: 'KEYWORD', value: 'if', line: 2, column: 13, position: 51 }
Parsing statement, current token: { type: 'KEYWORD', value: 'return', line: 2, column: 25, position: 67 }
Parsing statement, current token: { type: 'KEYWORD', value: 'return', line: 3, column: 13, position: 89 }
Parsing statement, current token: { type: 'RIGHT_BRACE', value: '}', line: 4, column: 9, position: 116 }
Γ¥î Function Expressions Parity Tests ΓÇ║ should handle named function expression: Expected "-- LUASCRIPT Runtime Library Integration\nlocal runtime = require('runtime.runtime')\nlocal console = runtime.console\nlocal JSON = runtime.JSON\nlocal Math = runtime.Math\n\nnil\n\nif n <= 1 then\n  nil\nend\n\nnil\n\nnil" to contain "function"
Parsing statement, current token: { type: 'KEYWORD', value: 'function', line: 1, column: 1, position: 8 }
Parsing statement, current token: {
  type: 'IDENTIFIER',
  value: 'console',
  line: 2,
  column: 13,
  position: 39
}
Γ£à Function Expressions Parity Tests ΓÇ║ should transpile function with no return statement
Parsing statement, current token: { type: 'KEYWORD', value: 'const', line: 1, column: 1, position: 5 }
Γ£à Function Expressions Parity Tests ΓÇ║ should transpile arrow function with implicit return
Parsing statement, current token: { type: 'KEYWORD', value: 'const', line: 1, column: 1, position: 5 }
Γ£à Function Expressions Parity Tests ΓÇ║ should transpile arrow function with object literal return
Parsing statement, current token: { type: 'KEYWORD', value: 'function', line: 1, column: 1, position: 8 }
Parsing statement, current token: { type: 'KEYWORD', value: 'if', line: 2, column: 13, position: 38 }
Parsing statement, current token: { type: 'KEYWORD', value: 'return', line: 2, column: 25, position: 54 }
Parsing statement, current token: { type: 'KEYWORD', value: 'return', line: 3, column: 13, position: 76 }
Γ£à Function Expressions Parity Tests ΓÇ║ should transpile recursive function
Parsing statement, current token: { type: 'KEYWORD', value: 'function', line: 1, column: 1, position: 8 }
Parsing statement, current token: { type: 'KEYWORD', value: 'if', line: 2, column: 13, position: 35 }
Parsing statement, current token: { type: 'KEYWORD', value: 'return', line: 2, column: 26, position: 52 }
Parsing statement, current token: { type: 'KEYWORD', value: 'return', line: 3, column: 13, position: 77 }
Parsing statement, current token: {
  type: 'KEYWORD',
  value: 'function',
  line: 5,
  column: 9,
  position: 118
}
Parsing statement, current token: { type: 'KEYWORD', value: 'if', line: 6, column: 13, position: 144 }
Parsing statement, current token: {
  type: 'KEYWORD',
  value: 'return',
  line: 6,
  column: 26,
  position: 161
}
Parsing statement, current token: {
  type: 'KEYWORD',
  value: 'return',
  line: 7,
  column: 13,
  position: 187
}
Γ£à Function Expressions Parity Tests ΓÇ║ should transpile mutually recursive functions
Parsing statement, current token: { type: 'KEYWORD', value: 'const', line: 1, column: 1, position: 5 }
Parsing statement, current token: {
  type: 'KEYWORD',
  value: 'function',
  line: 2,
  column: 9,
  position: 30
}
Parsing statement, current token: { type: 'KEYWORD', value: 'const', line: 3, column: 13, position: 54 }
Parsing statement, current token: { type: 'KEYWORD', value: 'return', line: 4, column: 13, position: 81 }
Γ£à Function Expressions Parity Tests ΓÇ║ should transpile function variable shadowing
Parsing statement, current token: { type: 'KEYWORD', value: 'function', line: 1, column: 1, position: 8 }
Parsing statement, current token: { type: 'KEYWORD', value: 'if', line: 2, column: 13, position: 36 }
Parsing statement, current token: { type: 'KEYWORD', value: 'return', line: 3, column: 17, position: 79 }
Parsing statement, current token: {
  type: 'KEYWORD',
  value: 'return',
  line: 5,
  column: 13,
  position: 118
}
Parsing statement, current token: { type: 'RIGHT_BRACE', value: '}', line: 6, column: 9, position: 131 }
Γ£à Function Expressions Parity Tests ΓÇ║ should transpile function with undefined parameter

Completed 35 tests; passed 33/35
